C:/Users/conne/STM32CubeIDE/workspace_1.14.1/UART_TwoBoards_ComIT/Src/main.c:61:5:main	3
C:/Users/conne/STM32CubeIDE/workspace_1.14.1/UART_TwoBoards_ComIT/Src/main.c:221:13:SystemClock_Config	4
C:/Users/conne/STM32CubeIDE/workspace_1.14.1/UART_TwoBoards_ComIT/Src/main.c:275:6:HAL_UART_TxCpltCallback	1
C:/Users/conne/STM32CubeIDE/workspace_1.14.1/UART_TwoBoards_ComIT/Src/main.c:291:6:HAL_UART_RxCpltCallback	1
C:/Users/conne/STM32CubeIDE/workspace_1.14.1/UART_TwoBoards_ComIT/Src/main.c:307:7:HAL_UART_ErrorCallback	1
C:/Users/conne/STM32CubeIDE/workspace_1.14.1/UART_TwoBoards_ComIT/Src/main.c:320:17:Buffercmp	3
C:/Users/conne/STM32CubeIDE/workspace_1.14.1/UART_TwoBoards_ComIT/Src/main.c:340:13:Error_Handler	1
