../Core/Src/main.c:84:5:main	8	static
../Core/Src/main.c:143:6:SystemClock_Config	88	static
../Core/Src/main.c:190:13:MX_I2C2_Init	8	static
../Core/Src/main.c:224:13:MX_SPI2_Init	8	static
../Core/Src/main.c:262:13:MX_TIM3_Init	56	static
../Core/Src/main.c:311:13:MX_TIM4_Init	56	static
../Core/Src/main.c:360:13:MX_TIM7_Init	16	static
../Core/Src/main.c:398:13:MX_TIM8_Init	80	static
../Core/Src/main.c:482:13:MX_USART1_UART_Init	8	static
../Core/Src/main.c:513:13:MX_DMA_Init	16	static
../Core/Src/main.c:531:13:MX_GPIO_Init	56	static
../Core/Src/main.c:587:6:Error_Handler	4	static,ignoring_inline_asm
