../Core/Src/main.c:84:5:main	8	static
../Core/Src/main.c:146:6:SystemClock_Config	88	static
../Core/Src/main.c:193:13:MX_I2C2_Init	8	static
../Core/Src/main.c:227:13:MX_SPI2_Init	8	static
../Core/Src/main.c:265:13:MX_TIM3_Init	56	static
../Core/Src/main.c:314:13:MX_TIM4_Init	56	static
../Core/Src/main.c:363:13:MX_TIM7_Init	16	static
../Core/Src/main.c:401:13:MX_TIM8_Init	80	static
../Core/Src/main.c:485:13:MX_USART1_UART_Init	8	static
../Core/Src/main.c:516:13:MX_DMA_Init	16	static
../Core/Src/main.c:534:13:MX_GPIO_Init	56	static
../Core/Src/main.c:590:6:Error_Handler	4	static,ignoring_inline_asm
