Archive member included to satisfy reference by file (symbol)

C:/ST/STM32CubeIDE_1.14.1/STM32CubeIDE/plugins/com.st.stm32cube.ide.mcu.externaltools.gnu-tools-for-stm32.11.3.rel1.win32_1.1.100.202309141235/tools/bin/../lib/gcc/arm-none-eabi/11.3.1/../../../../arm-none-eabi/lib/thumb/v7e-m+fp/hard\libc_nano.a(libc_a-exit.o)
                              C:/ST/STM32CubeIDE_1.14.1/STM32CubeIDE/plugins/com.st.stm32cube.ide.mcu.externaltools.gnu-tools-for-stm32.11.3.rel1.win32_1.1.100.202309141235/tools/bin/../lib/gcc/arm-none-eabi/11.3.1/../../../../arm-none-eabi/lib/thumb/v7e-m+fp/hard/crt0.o (exit)
C:/ST/STM32CubeIDE_1.14.1/STM32CubeIDE/plugins/com.st.stm32cube.ide.mcu.externaltools.gnu-tools-for-stm32.11.3.rel1.win32_1.1.100.202309141235/tools/bin/../lib/gcc/arm-none-eabi/11.3.1/../../../../arm-none-eabi/lib/thumb/v7e-m+fp/hard\libc_nano.a(libc_a-findfp.o)
                              C:/ST/STM32CubeIDE_1.14.1/STM32CubeIDE/plugins/com.st.stm32cube.ide.mcu.externaltools.gnu-tools-for-stm32.11.3.rel1.win32_1.1.100.202309141235/tools/bin/../lib/gcc/arm-none-eabi/11.3.1/../../../../arm-none-eabi/lib/thumb/v7e-m+fp/hard\libc_nano.a(libc_a-exit.o) (__stdio_exit_handler)
C:/ST/STM32CubeIDE_1.14.1/STM32CubeIDE/plugins/com.st.stm32cube.ide.mcu.externaltools.gnu-tools-for-stm32.11.3.rel1.win32_1.1.100.202309141235/tools/bin/../lib/gcc/arm-none-eabi/11.3.1/../../../../arm-none-eabi/lib/thumb/v7e-m+fp/hard\libc_nano.a(libc_a-fwalk.o)
                              C:/ST/STM32CubeIDE_1.14.1/STM32CubeIDE/plugins/com.st.stm32cube.ide.mcu.externaltools.gnu-tools-for-stm32.11.3.rel1.win32_1.1.100.202309141235/tools/bin/../lib/gcc/arm-none-eabi/11.3.1/../../../../arm-none-eabi/lib/thumb/v7e-m+fp/hard\libc_nano.a(libc_a-findfp.o) (_fwalk_sglue)
C:/ST/STM32CubeIDE_1.14.1/STM32CubeIDE/plugins/com.st.stm32cube.ide.mcu.externaltools.gnu-tools-for-stm32.11.3.rel1.win32_1.1.100.202309141235/tools/bin/../lib/gcc/arm-none-eabi/11.3.1/../../../../arm-none-eabi/lib/thumb/v7e-m+fp/hard\libc_nano.a(libc_a-stdio.o)
                              C:/ST/STM32CubeIDE_1.14.1/STM32CubeIDE/plugins/com.st.stm32cube.ide.mcu.externaltools.gnu-tools-for-stm32.11.3.rel1.win32_1.1.100.202309141235/tools/bin/../lib/gcc/arm-none-eabi/11.3.1/../../../../arm-none-eabi/lib/thumb/v7e-m+fp/hard\libc_nano.a(libc_a-findfp.o) (__sread)
C:/ST/STM32CubeIDE_1.14.1/STM32CubeIDE/plugins/com.st.stm32cube.ide.mcu.externaltools.gnu-tools-for-stm32.11.3.rel1.win32_1.1.100.202309141235/tools/bin/../lib/gcc/arm-none-eabi/11.3.1/../../../../arm-none-eabi/lib/thumb/v7e-m+fp/hard\libc_nano.a(libc_a-memset.o)
                              C:/ST/STM32CubeIDE_1.14.1/STM32CubeIDE/plugins/com.st.stm32cube.ide.mcu.externaltools.gnu-tools-for-stm32.11.3.rel1.win32_1.1.100.202309141235/tools/bin/../lib/gcc/arm-none-eabi/11.3.1/../../../../arm-none-eabi/lib/thumb/v7e-m+fp/hard/crt0.o (memset)
C:/ST/STM32CubeIDE_1.14.1/STM32CubeIDE/plugins/com.st.stm32cube.ide.mcu.externaltools.gnu-tools-for-stm32.11.3.rel1.win32_1.1.100.202309141235/tools/bin/../lib/gcc/arm-none-eabi/11.3.1/../../../../arm-none-eabi/lib/thumb/v7e-m+fp/hard\libc_nano.a(libc_a-closer.o)
                              C:/ST/STM32CubeIDE_1.14.1/STM32CubeIDE/plugins/com.st.stm32cube.ide.mcu.externaltools.gnu-tools-for-stm32.11.3.rel1.win32_1.1.100.202309141235/tools/bin/../lib/gcc/arm-none-eabi/11.3.1/../../../../arm-none-eabi/lib/thumb/v7e-m+fp/hard\libc_nano.a(libc_a-stdio.o) (_close_r)
C:/ST/STM32CubeIDE_1.14.1/STM32CubeIDE/plugins/com.st.stm32cube.ide.mcu.externaltools.gnu-tools-for-stm32.11.3.rel1.win32_1.1.100.202309141235/tools/bin/../lib/gcc/arm-none-eabi/11.3.1/../../../../arm-none-eabi/lib/thumb/v7e-m+fp/hard\libc_nano.a(libc_a-reent.o)
                              C:/ST/STM32CubeIDE_1.14.1/STM32CubeIDE/plugins/com.st.stm32cube.ide.mcu.externaltools.gnu-tools-for-stm32.11.3.rel1.win32_1.1.100.202309141235/tools/bin/../lib/gcc/arm-none-eabi/11.3.1/../../../../arm-none-eabi/lib/thumb/v7e-m+fp/hard\libc_nano.a(libc_a-closer.o) (errno)
C:/ST/STM32CubeIDE_1.14.1/STM32CubeIDE/plugins/com.st.stm32cube.ide.mcu.externaltools.gnu-tools-for-stm32.11.3.rel1.win32_1.1.100.202309141235/tools/bin/../lib/gcc/arm-none-eabi/11.3.1/../../../../arm-none-eabi/lib/thumb/v7e-m+fp/hard\libc_nano.a(libc_a-impure.o)
                              C:/ST/STM32CubeIDE_1.14.1/STM32CubeIDE/plugins/com.st.stm32cube.ide.mcu.externaltools.gnu-tools-for-stm32.11.3.rel1.win32_1.1.100.202309141235/tools/bin/../lib/gcc/arm-none-eabi/11.3.1/../../../../arm-none-eabi/lib/thumb/v7e-m+fp/hard\libc_nano.a(libc_a-reent.o) (_impure_ptr)
C:/ST/STM32CubeIDE_1.14.1/STM32CubeIDE/plugins/com.st.stm32cube.ide.mcu.externaltools.gnu-tools-for-stm32.11.3.rel1.win32_1.1.100.202309141235/tools/bin/../lib/gcc/arm-none-eabi/11.3.1/../../../../arm-none-eabi/lib/thumb/v7e-m+fp/hard\libc_nano.a(libc_a-lseekr.o)
[...]
Memory Configuration

Name             Origin             Length             Attributes
CCMRAM           0x0000000010000000 0x0000000000010000 xrw
RAM              0x0000000020000000 0x0000000000020000 xrw
ROM              0x0000000008000000 0x0000000000100000 xr
*default*        0x0000000000000000 0xffffffffffffffff

Linker script and memory map

LOAD C:/ST/STM32CubeIDE_1.14.1/STM32CubeIDE/plugins/com.st.stm32cube.ide.mcu.externaltools.gnu-tools-for-stm32.11.3.rel1.win32_1.1.100.202309141235/tools/bin/../lib/gcc/arm-none-eabi/11.3.1/thumb/v7e-m+fp/hard/crti.o
LOAD C:/ST/STM32CubeIDE_1.14.1/STM32CubeIDE/plugins/com.st.stm32cube.ide.mcu.externaltools.gnu-tools-for-stm32.11.3.rel1.win32_1.1.100.202309141235/tools/bin/../lib/gcc/arm-none-eabi/11.3.1/thumb/v7e-m+fp/hard/crtbegin.o
LOAD C:/ST/STM32CubeIDE_1.14.1/STM32CubeIDE/plugins/com.st.stm32cube.ide.mcu.externaltools.gnu-tools-for-stm32.11.3.rel1.win32_1.1.100.202309141235/tools/bin/../lib/gcc/arm-none-eabi/11.3.1/../../../../arm-none-eabi/lib/thumb/v7e-m+fp/hard/crt0.o
LOAD ./Drivers/BSP/STM32F4-Discovery/stm32f4_discovery.o
LOAD ./Drivers/CMSIS/system_stm32f4xx.o
LOAD ./Drivers/STM32F4xx_HAL_Driver/stm32f4xx_hal.o
LOAD ./Drivers/STM32F4xx_HAL_Driver/stm32f4xx_hal_cortex.o
LOAD ./Drivers/STM32F4xx_HAL_Driver/stm32f4xx_hal_dma.o
LOAD ./Drivers/STM32F4xx_HAL_Driver/stm32f4xx_hal_flash.o
LOAD ./Drivers/STM32F4xx_HAL_Driver/stm32f4xx_hal_flash_ex.o
LOAD ./Drivers/STM32F4xx_HAL_Driver/stm32f4xx_hal_gpio.o
LOAD ./Drivers/STM32F4xx_HAL_Driver/stm32f4xx_hal_i2c.o
LOAD ./Drivers/STM32F4xx_HAL_Driver/stm32f4xx_hal_i2c_ex.o
LOAD ./Drivers/STM32F4xx_HAL_Driver/stm32f4xx_hal_pwr.o
LOAD ./Drivers/STM32F4xx_HAL_Driver/stm32f4xx_hal_pwr_ex.o
LOAD ./Drivers/STM32F4xx_HAL_Driver/stm32f4xx_hal_rcc.o
LOAD ./Drivers/STM32F4xx_HAL_Driver/stm32f4xx_hal_rcc_ex.o
LOAD ./Drivers/STM32F4xx_HAL_Driver/stm32f4xx_hal_rtc.o
LOAD ./Drivers/STM32F4xx_HAL_Driver/stm32f4xx_hal_spi.o
LOAD ./Drivers/STM32F4xx_HAL_Driver/stm32f4xx_hal_uart.o
LOAD ./Example/Startup/startup_stm32f407vgtx.o
LOAD ./Example/User/main.o
LOAD ./Example/User/stm32f4xx_hal_msp.o
LOAD ./Example/User/stm32f4xx_it.o
LOAD ./Example/User/syscalls.o
LOAD ./Example/User/sysmem.o
START GROUP
LOAD C:/ST/STM32CubeIDE_1.14.1/STM32CubeIDE/plugins/com.st.stm32cube.ide.mcu.externaltools.gnu-tools-for-stm32.11.3.rel1.win32_1.1.100.202309141235/tools/bin/../lib/gcc/arm-none-eabi/11.3.1/../../../../arm-none-eabi/lib/thumb/v7e-m+fp/hard\libc_nano.a
LOAD C:/ST/STM32CubeIDE_1.14.1/STM32CubeIDE/plugins/com.st.stm32cube.ide.mcu.externaltools.gnu-tools-for-stm32.11.3.rel1.win32_1.1.100.202309141235/tools/bin/../lib/gcc/arm-none-eabi/11.3.1/../../../../arm-none-eabi/lib/thumb/v7e-m+fp/hard\libm.a
END GROUP
START GROUP
LOAD C:/ST/STM32CubeIDE_1.14.1/STM32CubeIDE/plugins/com.st.stm32cube.ide.mcu.externaltools.gnu-tools-for-stm32.11.3.rel1.win32_1.1.100.202309141235/tools/bin/../lib/gcc/arm-none-eabi/11.3.1/thumb/v7e-m+fp/hard\libgcc.a
LOAD C:/ST/STM32CubeIDE_1.14.1/STM32CubeIDE/plugins/com.st.stm32cube.ide.mcu.externaltools.gnu-tools-for-stm32.11.3.rel1.win32_1.1.100.202309141235/tools/bin/../lib/gcc/arm-none-eabi/11.3.1/../../../../arm-none-eabi/lib/thumb/v7e-m+fp/hard\libc_nano.a
END GROUP
START GROUP
LOAD C:/ST/STM32CubeIDE_1.14.1/STM32CubeIDE/plugins/com.st.stm32cube.ide.mcu.externaltools.gnu-tools-for-stm32.11.3.rel1.win32_1.1.100.202309141235/tools/bin/../lib/gcc/arm-none-eabi/11.3.1/thumb/v7e-m+fp/hard\libgcc.a
LOAD C:/ST/STM32CubeIDE_1.14.1/STM32CubeIDE/plugins/com.st.stm32cube.ide.mcu.externaltools.gnu-tools-for-stm32.11.3.rel1.win32_1.1.100.202309141235/tools/bin/../lib/gcc/arm-none-eabi/11.3.1/../../../../arm-none-eabi/lib/thumb/v7e-m+fp/hard\libc_nano.a
LOAD C:/ST/STM32CubeIDE_1.14.1/STM32CubeIDE/plugins/com.st.stm32cube.ide.mcu.externaltools.gnu-tools-for-stm32.11.3.rel1.win32_1.1.100.202309141235/tools/bin/../lib/gcc/arm-none-eabi/11.3.1/../../../../arm-none-eabi/lib/thumb/v7e-m+fp/hard\libnosys.a
END GROUP
START GROUP
LOAD C:/ST/STM32CubeIDE_1.14.1/STM32CubeIDE/plugins/com.st.stm32cube.ide.mcu.externaltools.gnu-tools-for-stm32.11.3.rel1.win32_1.1.100.202309141235/tools/bin/../lib/gcc/arm-none-eabi/11.3.1/thumb/v7e-m+fp/hard\libgcc.a
LOAD C:/ST/STM32CubeIDE_1.14.1/STM32CubeIDE/plugins/com.st.stm32cube.ide.mcu.externaltools.gnu-tools-for-stm32.11.3.rel1.win32_1.1.100.202309141235/tools/bin/../lib/gcc/arm-none-eabi/11.3.1/../../../../arm-none-eabi/lib/thumb/v7e-m+fp/hard\libc_nano.a
LOAD C:/ST/STM32CubeIDE_1.14.1/STM32CubeIDE/plugins/com.st.stm32cube.ide.mcu.externaltools.gnu-tools-for-stm32.11.3.rel1.win32_1.1.100.202309141235/tools/bin/../lib/gcc/arm-none-eabi/11.3.1/../../../../arm-none-eabi/lib/thumb/v7e-m+fp/hard\libnosys.a
END GROUP
LOAD C:/ST/STM32CubeIDE_1.14.1/STM32CubeIDE/plugins/com.st.stm32cube.ide.mcu.externaltools.gnu-tools-for-stm32.11.3.rel1.win32_1.1.100.202309141235/tools/bin/../lib/gcc/arm-none-eabi/11.3.1/thumb/v7e-m+fp/hard/crtend.o
LOAD C:/ST/STM32CubeIDE_1.14.1/STM32CubeIDE/plugins/com.st.stm32cube.ide.mcu.externaltools.gnu-tools-for-stm32.11.3.rel1.win32_1.1.100.202309141235/tools/bin/../lib/gcc/arm-none-eabi/11.3.1/thumb/v7e-m+fp/hard/crtn.o
                0x0000000020020000                _estack = (ORIGIN (RAM) + LENGTH (RAM))
                0x0000000000000200                _Min_Heap_Size = 0x200
                0x0000000000000400                _Min_Stack_Size = 0x400

.isr_vector     0x0000000008000000      0x188
                0x0000000008000000                . = ALIGN (0x4)
 *(.isr_vector)
 .isr_vector    0x0000000008000000      0x188 ./Example/Startup/startup_stm32f407vgtx.o
                0x0000000008000000                g_pfnVectors
                0x0000000008000188                . = ALIGN (0x4)

.text           0x0000000008000188     0x28b8
                0x0000000008000188                . = ALIGN (0x4)
 *(.text)
 .text          0x0000000008000188       0x40 C:/ST/STM32CubeIDE_1.14.1/STM32CubeIDE/plugins/com.st.stm32cube.ide.mcu.externaltools.gnu-tools-for-stm32.11.3.rel1.win32_1.1.100.202309141235/tools/bin/../lib/gcc/arm-none-eabi/11.3.1/thumb/v7e-m+fp/hard/crtbegin.o
 .text          0x00000000080001c8       0x30 C:/ST/STM32CubeIDE_1.14.1/STM32CubeIDE/plugins/com.st.stm32cube.ide.mcu.externaltools.gnu-tools-for-stm32.11.3.rel1.win32_1.1.100.202309141235/tools/bin/../lib/gcc/arm-none-eabi/11.3.1/thumb/v7e-m+fp/hard\libgcc.a(_aeabi_uldivmod.o)
                0x00000000080001c8                __aeabi_uldivmod
 .text          0x00000000080001f8      0x2c8 C:/ST/STM32CubeIDE_1.14.1/STM32CubeIDE/plugins/com.st.stm32cube.ide.mcu.externaltools.gnu-tools-for-stm32.11.3.rel1.win32_1.1.100.202309141235/tools/bin/../lib/gcc/arm-none-eabi/11.3.1/thumb/v7e-m+fp/hard\libgcc.a(_udivmoddi4.o)
                0x00000000080001f8                __udivmoddi4
 .text          0x00000000080004c0        0x4 C:/ST/STM32CubeIDE_1.14.1/STM32CubeIDE/plugins/com.st.stm32cube.ide.mcu.externaltools.gnu-tools-for-stm32.11.3.rel1.win32_1.1.100.202309141235/tools/bin/../lib/gcc/arm-none-eabi/11.3.1/thumb/v7e-m+fp/hard\libgcc.a(_dvmd_tls.o)
                0x00000000080004c0                __aeabi_idiv0
                0x00000000080004c0                __aeabi_ldiv0
 *(.text*)
 .text.BSP_LED_Init
                0x00000000080004c4       0xf0 ./Drivers/BSP/STM32F4-Discovery/stm32f4_discovery.o
                0x00000000080004c4                BSP_LED_Init
 .text.BSP_LED_On
                0x00000000080005b4       0x34 ./Drivers/BSP/STM32F4-Discovery/stm32f4_discovery.o
                0x00000000080005b4                BSP_LED_On
 .text.BSP_PB_Init
                0x00000000080005e8       0xb0 ./Drivers/BSP/STM32F4-Discovery/stm32f4_discovery.o
                0x00000000080005e8                BSP_PB_Init
 .text.SystemInit
                0x0000000008000698       0x6c ./Drivers/CMSIS/system_stm32f4xx.o
                0x0000000008000698                SystemInit
 .text.HAL_Init
                0x0000000008000704       0x38 ./Drivers/STM32F4xx_HAL_Driver/stm32f4xx_hal.o
                0x0000000008000704                HAL_Init
 .text.HAL_MspInit
                0x000000000800073c        0xe ./Drivers/STM32F4xx_HAL_Driver/stm32f4xx_hal.o
                0x000000000800073c                HAL_MspInit
 *fill*         0x000000000800074a        0x2 
 .text.HAL_InitTick
                0x000000000800074c       0x60 ./Drivers/STM32F4xx_HAL_Driver/stm32f4xx_hal.o
                0x000000000800074c                HAL_InitTick
 .text.HAL_IncTick
                0x00000000080007ac       0x28 ./Drivers/STM32F4xx_HAL_Driver/stm32f4xx_hal.o
                0x00000000080007ac                HAL_IncTick
 .text.HAL_GetTick
                0x00000000080007d4       0x18 ./Drivers/STM32F4xx_HAL_Driver/stm32f4xx_hal.o
                0x00000000080007d4                HAL_GetTick
 .text.HAL_Delay
                0x00000000080007ec       0x48 ./Drivers/STM32F4xx_HAL_Driver/stm32f4xx_hal.o
                0x00000000080007ec                HAL_Delay
 .text.HAL_GetREVID
                0x0000000008000834       0x18 ./Drivers/STM32F4xx_HAL_Driver/stm32f4xx_hal.o
                0x0000000008000834                HAL_GetREVID
 .text.__NVIC_SetPriorityGrouping
                0x000000000800084c       0x48 ./Drivers/STM32F4xx_HAL_Driver/stm32f4xx_hal_cortex.o
 .text.__NVIC_GetPriorityGrouping
                0x0000000008000894       0x1c ./Drivers/STM32F4xx_HAL_Driver/stm32f4xx_hal_cortex.o
 .text.__NVIC_EnableIRQ
                0x00000000080008b0       0x3c ./Drivers/STM32F4xx_HAL_Driver/stm32f4xx_hal_cortex.o
 .text.__NVIC_SetPriority
                0x00000000080008ec       0x54 ./Drivers/STM32F4xx_HAL_Driver/stm32f4xx_hal_cortex.o
 .text.NVIC_EncodePriority
                0x0000000008000940       0x66 ./Drivers/STM32F4xx_HAL_Driver/stm32f4xx_hal_cortex.o
 *fill*         0x00000000080009a6        0x2 
 .text.SysTick_Config
                0x00000000080009a8       0x44 ./Drivers/STM32F4xx_HAL_Driver/stm32f4xx_hal_cortex.o
 .text.HAL_NVIC_SetPriorityGrouping
                0x00000000080009ec       0x16 ./Drivers/STM32F4xx_HAL_Driver/stm32f4xx_hal_cortex.o
                0x00000000080009ec                HAL_NVIC_SetPriorityGrouping
 .text.HAL_NVIC_SetPriority
                0x0000000008000a02       0x38 ./Drivers/STM32F4xx_HAL_Driver/stm32f4xx_hal_cortex.o
                0x0000000008000a02                HAL_NVIC_SetPriority
 .text.HAL_NVIC_EnableIRQ
                0x0000000008000a3a       0x1c ./Drivers/STM32F4xx_HAL_Driver/stm32f4xx_hal_cortex.o
                0x0000000008000a3a                HAL_NVIC_EnableIRQ
 .text.HAL_SYSTICK_Config
                0x0000000008000a56       0x18 ./Drivers/STM32F4xx_HAL_Driver/stm32f4xx_hal_cortex.o
                0x0000000008000a56                HAL_SYSTICK_Config
 .text.HAL_DMA_Abort
                0x0000000008000a6e       0xe0 ./Drivers/STM32F4xx_HAL_Driver/stm32f4xx_hal_dma.o
                0x0000000008000a6e                HAL_DMA_Abort
 .text.HAL_DMA_Abort_IT
                0x0000000008000b4e       0x44 ./Drivers/STM32F4xx_HAL_Driver/stm32f4xx_hal_dma.o
                0x0000000008000b4e                HAL_DMA_Abort_IT
 *fill*         0x0000000008000b92        0x2 
 .text.HAL_GPIO_Init
                0x0000000008000b94      0x338 ./Drivers/STM32F4xx_HAL_Driver/stm32f4xx_hal_gpio.o
                0x0000000008000b94                HAL_GPIO_Init
 .text.HAL_GPIO_WritePin
                0x0000000008000ecc       0x32 ./Drivers/STM32F4xx_HAL_Driver/stm32f4xx_hal_gpio.o
                0x0000000008000ecc                HAL_GPIO_WritePin
 *fill*         0x0000000008000efe        0x2 
 .text.HAL_RCC_OscConfig
                0x0000000008000f00      0x4f0 ./Drivers/STM32F4xx_HAL_Driver/stm32f4xx_hal_rcc.o
                0x0000000008000f00                HAL_RCC_OscConfig
 .text.HAL_RCC_ClockConfig
                0x00000000080013f0      0x1cc ./Drivers/STM32F4xx_HAL_Driver/stm32f4xx_hal_rcc.o
                0x00000000080013f0                HAL_RCC_ClockConfig
 .text.HAL_RCC_GetSysClockFreq
                0x00000000080015bc      0x20c ./Drivers/STM32F4xx_HAL_Driver/stm32f4xx_hal_rcc.o
                0x00000000080015bc                HAL_RCC_GetSysClockFreq
 .text.HAL_RCC_GetHCLKFreq
                0x00000000080017c8       0x18 ./Drivers/STM32F4xx_HAL_Driver/stm32f4xx_hal_rcc.o
                0x00000000080017c8                HAL_RCC_GetHCLKFreq
 .text.HAL_RCC_GetPCLK1Freq
                0x00000000080017e0       0x28 ./Drivers/STM32F4xx_HAL_Driver/stm32f4xx_hal_rcc.o
                0x00000000080017e0                HAL_RCC_GetPCLK1Freq
 .text.HAL_RCC_GetPCLK2Freq
                0x0000000008001808       0x28 ./Drivers/STM32F4xx_HAL_Driver/stm32f4xx_hal_rcc.o
                0x0000000008001808                HAL_RCC_GetPCLK2Freq
 .text.HAL_UART_Init
                0x0000000008001830       0xa0 ./Drivers/STM32F4xx_HAL_Driver/stm32f4xx_hal_uart.o
                0x0000000008001830                HAL_UART_Init
 .text.HAL_UART_Transmit_IT
                0x00000000080018d0       0x6c ./Drivers/STM32F4xx_HAL_Driver/stm32f4xx_hal_uart.o
                0x00000000080018d0                HAL_UART_Transmit_IT
 .text.HAL_UART_IRQHandler
                0x000000000800193c      0x524 ./Drivers/STM32F4xx_HAL_Driver/stm32f4xx_hal_uart.o
                0x000000000800193c                HAL_UART_IRQHandler
 .text.HAL_UARTEx_RxEventCallback
                0x0000000008001e60       0x18 ./Drivers/STM32F4xx_HAL_Driver/stm32f4xx_hal_uart.o
                0x0000000008001e60                HAL_UARTEx_RxEventCallback
 .text.UART_EndRxTransfer
                0x0000000008001e78       0xc6 ./Drivers/STM32F4xx_HAL_Driver/stm32f4xx_hal_uart.o
 .text.UART_DMAAbortOnError
                0x0000000008001f3e       0x28 ./Drivers/STM32F4xx_HAL_Driver/stm32f4xx_hal_uart.o
 .text.UART_Transmit_IT
                0x0000000008001f66       0xa0 ./Drivers/STM32F4xx_HAL_Driver/stm32f4xx_hal_uart.o
 .text.UART_EndTransmit_IT
                0x0000000008002006       0x30 ./Drivers/STM32F4xx_HAL_Driver/stm32f4xx_hal_uart.o
 .text.UART_Receive_IT
                0x0000000008002036      0x17c ./Drivers/STM32F4xx_HAL_Driver/stm32f4xx_hal_uart.o
 *fill*         0x00000000080021b2        0x2 
 .text.UART_SetConfig
                0x00000000080021b4      0x4e8 ./Drivers/STM32F4xx_HAL_Driver/stm32f4xx_hal_uart.o
 .text.Reset_Handler
                0x000000000800269c       0x50 ./Example/Startup/startup_stm32f407vgtx.o
                0x000000000800269c                Reset_Handler
 .text.Default_Handler
                0x00000000080026ec        0x2 ./Example/Startup/startup_stm32f407vgtx.o
                0x00000000080026ec                RTC_Alarm_IRQHandler
                0x00000000080026ec                HASH_RNG_IRQHandler
                0x00000000080026ec                EXTI2_IRQHandler
                0x00000000080026ec                TIM8_CC_IRQHandler
                0x00000000080026ec                TIM1_CC_IRQHandler
                0x00000000080026ec                DMA2_Stream5_IRQHandler
                0x00000000080026ec                DMA1_Stream5_IRQHandler
                0x00000000080026ec                PVD_IRQHandler
                0x00000000080026ec                SDIO_IRQHandler
                0x00000000080026ec                TAMP_STAMP_IRQHandler
                0x00000000080026ec                CAN2_RX1_IRQHandler
                0x00000000080026ec                EXTI3_IRQHandler
                0x00000000080026ec                TIM8_TRG_COM_TIM14_IRQHandler
                0x00000000080026ec                TIM1_UP_TIM10_IRQHandler
                0x00000000080026ec                TIM8_UP_TIM13_IRQHandler
                0x00000000080026ec                I2C3_ER_IRQHandler
                0x00000000080026ec                EXTI0_IRQHandler
                0x00000000080026ec                I2C2_EV_IRQHandler
                0x00000000080026ec                DMA1_Stream2_IRQHandler
                0x00000000080026ec                CAN1_RX0_IRQHandler
                0x00000000080026ec                FPU_IRQHandler
                0x00000000080026ec                OTG_HS_WKUP_IRQHandler
                0x00000000080026ec                CAN2_SCE_IRQHandler
                0x00000000080026ec                DMA2_Stream2_IRQHandler
                0x00000000080026ec                SPI1_IRQHandler
                0x00000000080026ec                TIM6_DAC_IRQHandler
                0x00000000080026ec                TIM1_BRK_TIM9_IRQHandler
                0x00000000080026ec                DCMI_IRQHandler
                0x00000000080026ec                CAN2_RX0_IRQHandler
                0x00000000080026ec                DMA2_Stream3_IRQHandler
                0x00000000080026ec                USART6_IRQHandler
                0x00000000080026ec                USART3_IRQHandler
                0x00000000080026ec                CAN1_RX1_IRQHandler
                0x00000000080026ec                UART5_IRQHandler
                0x00000000080026ec                DMA2_Stream0_IRQHandler
                0x00000000080026ec                TIM4_IRQHandler
                0x00000000080026ec                I2C1_EV_IRQHandler
                0x00000000080026ec                DMA1_Stream6_IRQHandler
                0x00000000080026ec                DMA1_Stream1_IRQHandler
                0x00000000080026ec                UART4_IRQHandler
                0x00000000080026ec                TIM3_IRQHandler
                0x00000000080026ec                RCC_IRQHandler
                0x00000000080026ec                TIM8_BRK_TIM12_IRQHandler
                0x00000000080026ec                Default_Handler
                0x00000000080026ec                EXTI15_10_IRQHandler
                0x00000000080026ec                ADC_IRQHandler
                0x00000000080026ec                DMA1_Stream7_IRQHandler
                0x00000000080026ec                TIM7_IRQHandler
                0x00000000080026ec                CAN2_TX_IRQHandler
                0x00000000080026ec                TIM5_IRQHandler
                0x00000000080026ec                DMA2_Stream7_IRQHandler
                0x00000000080026ec                I2C3_EV_IRQHandler
                0x00000000080026ec                EXTI9_5_IRQHandler
                0x00000000080026ec                RTC_WKUP_IRQHandler
                0x00000000080026ec                ETH_WKUP_IRQHandler
                0x00000000080026ec                SPI2_IRQHandler
                0x00000000080026ec                OTG_HS_EP1_IN_IRQHandler
                0x00000000080026ec                DMA1_Stream0_IRQHandler
                0x00000000080026ec                CAN1_TX_IRQHandler
                0x00000000080026ec                EXTI4_IRQHandler
                0x00000000080026ec                FSMC_IRQHandler
                0x00000000080026ec                ETH_IRQHandler
                0x00000000080026ec                OTG_HS_EP1_OUT_IRQHandler
                0x00000000080026ec                WWDG_IRQHandler
                0x00000000080026ec                TIM2_IRQHandler
                0x00000000080026ec                OTG_FS_WKUP_IRQHandler
                0x00000000080026ec                TIM1_TRG_COM_TIM11_IRQHandler
                0x00000000080026ec                OTG_HS_IRQHandler
                0x00000000080026ec                EXTI1_IRQHandler
                0x00000000080026ec                I2C2_ER_IRQHandler
                0x00000000080026ec                DMA2_Stream1_IRQHandler
                0x00000000080026ec                CAN1_SCE_IRQHandler
                0x00000000080026ec                FLASH_IRQHandler
                0x00000000080026ec                DMA2_Stream4_IRQHandler
                0x00000000080026ec                USART1_IRQHandler
                0x00000000080026ec                OTG_FS_IRQHandler
                0x00000000080026ec                SPI3_IRQHandler
                0x00000000080026ec                DMA1_Stream4_IRQHandler
                0x00000000080026ec                I2C1_ER_IRQHandler
                0x00000000080026ec                DMA2_Stream6_IRQHandler
                0x00000000080026ec                DMA1_Stream3_IRQHandler
 *fill*         0x00000000080026ee        0x2 
 .text.main     0x00000000080026f0       0x98 ./Example/User/main.o
                0x00000000080026f0                main
 .text.SystemClock_Config
                0x0000000008002788       0xd4 ./Example/User/main.o
 .text.HAL_UART_TxCpltCallback
                0x000000000800285c       0x20 ./Example/User/main.o
                0x000000000800285c                HAL_UART_TxCpltCallback
 .text.HAL_UART_RxCpltCallback
                0x000000000800287c       0x20 ./Example/User/main.o
                0x000000000800287c                HAL_UART_RxCpltCallback
 .text.HAL_UART_ErrorCallback
                0x000000000800289c       0x16 ./Example/User/main.o
                0x000000000800289c                HAL_UART_ErrorCallback
 .text.Error_Handler
                0x00000000080028b2        0xc ./Example/User/main.o
 *fill*         0x00000000080028be        0x2 
 .text.HAL_UART_MspInit
                0x00000000080028c0       0xb0 ./Example/User/stm32f4xx_hal_msp.o
                0x00000000080028c0                HAL_UART_MspInit
 .text.NMI_Handler
                0x0000000008002970        0xe ./Example/User/stm32f4xx_it.o
                0x0000000008002970                NMI_Handler
 .text.HardFault_Handler
                0x000000000800297e        0x6 ./Example/User/stm32f4xx_it.o
                0x000000000800297e                HardFault_Handler
 .text.MemManage_Handler
                0x0000000008002984        0x6 ./Example/User/stm32f4xx_it.o
                0x0000000008002984                MemManage_Handler
 .text.BusFault_Handler
                0x000000000800298a        0x6 ./Example/User/stm32f4xx_it.o
                0x000000000800298a                BusFault_Handler
 .text.UsageFault_Handler
                0x0000000008002990        0x6 ./Example/User/stm32f4xx_it.o
                0x0000000008002990                UsageFault_Handler
 .text.SVC_Handler
                0x0000000008002996        0xe ./Example/User/stm32f4xx_it.o
                0x0000000008002996                SVC_Handler
 .text.DebugMon_Handler
                0x00000000080029a4        0xe ./Example/User/stm32f4xx_it.o
                0x00000000080029a4                DebugMon_Handler
 .text.PendSV_Handler
                0x00000000080029b2        0xe ./Example/User/stm32f4xx_it.o
                0x00000000080029b2                PendSV_Handler
 .text.SysTick_Handler
                0x00000000080029c0        0xc ./Example/User/stm32f4xx_it.o
                0x00000000080029c0                SysTick_Handler
 .text.USART2_IRQHandler
                0x00000000080029cc       0x14 ./Example/User/stm32f4xx_it.o
                0x00000000080029cc                USART2_IRQHandler
 .text.__libc_init_array
                0x00000000080029e0       0x48 C:/ST/STM32CubeIDE_1.14.1/STM32CubeIDE/plugins/com.st.stm32cube.ide.mcu.externaltools.gnu-tools-for-stm32.11.3.rel1.win32_1.1.100.202309141235/tools/bin/../lib/gcc/arm-none-eabi/11.3.1/../../../../arm-none-eabi/lib/thumb/v7e-m+fp/hard\libc_nano.a(libc_a-init.o)
                0x00000000080029e0                __libc_init_array
 *(.glue_7)
 .glue_7        0x0000000008002a28        0x0 linker stubs
 *(.glue_7t)
 .glue_7t       0x0000000008002a28        0x0 linker stubs
 *(.eh_frame)
 .eh_frame      0x0000000008002a28        0x0 C:/ST/STM32CubeIDE_1.14.1/STM32CubeIDE/plugins/com.st.stm32cube.ide.mcu.externaltools.gnu-tools-for-stm32.11.3.rel1.win32_1.1.100.202309141235/tools/bin/../lib/gcc/arm-none-eabi/11.3.1/thumb/v7e-m+fp/hard/crtbegin.o
 *(.init)
 .init          0x0000000008002a28        0x4 C:/ST/STM32CubeIDE_1.14.1/STM32CubeIDE/plugins/com.st.stm32cube.ide.mcu.externaltools.gnu-tools-for-stm32.11.3.rel1.win32_1.1.100.202309141235/tools/bin/../lib/gcc/arm-none-eabi/11.3.1/thumb/v7e-m+fp/hard/crti.o
                0x0000000008002a28                _init
 .init          0x0000000008002a2c        0x8 C:/ST/STM32CubeIDE_1.14.1/STM32CubeIDE/plugins/com.st.stm32cube.ide.mcu.externaltools.gnu-tools-for-stm32.11.3.rel1.win32_1.1.100.202309141235/tools/bin/../lib/gcc/arm-none-eabi/11.3.1/thumb/v7e-m+fp/hard/crtn.o
 *(.fini)
 .fini          0x0000000008002a34        0x4 C:/ST/STM32CubeIDE_1.14.1/STM32CubeIDE/plugins/com.st.stm32cube.ide.mcu.externaltools.gnu-tools-for-stm32.11.3.rel1.win32_1.1.100.202309141235/tools/bin/../lib/gcc/arm-none-eabi/11.3.1/thumb/v7e-m+fp/hard/crti.o
                0x0000000008002a34                _fini
 .fini          0x0000000008002a38        0x8 C:/ST/STM32CubeIDE_1.14.1/STM32CubeIDE/plugins/com.st.stm32cube.ide.mcu.externaltools.gnu-tools-for-stm32.11.3.rel1.win32_1.1.100.202309141235/tools/bin/../lib/gcc/arm-none-eabi/11.3.1/thumb/v7e-m+fp/hard/crtn.o
                0x0000000008002a40                . = ALIGN (0x4)
                0x0000000008002a40                _etext = .

.vfp11_veneer   0x0000000008002a40        0x0
 .vfp11_veneer  0x0000000008002a40        0x0 linker stubs

.v4_bx          0x0000000008002a40        0x0
 .v4_bx         0x0000000008002a40        0x0 linker stubs

.iplt           0x0000000008002a40        0x0
 .iplt          0x0000000008002a40        0x0 C:/ST/STM32CubeIDE_1.14.1/STM32CubeIDE/plugins/com.st.stm32cube.ide.mcu.externaltools.gnu-tools-for-stm32.11.3.rel1.win32_1.1.100.202309141235/tools/bin/../lib/gcc/arm-none-eabi/11.3.1/thumb/v7e-m+fp/hard/crtbegin.o

.rodata         0x0000000008002a40       0x20
                0x0000000008002a40                . = ALIGN (0x4)
 *(.rodata)
 *(.rodata*)
 .rodata.GPIO_PIN
                0x0000000008002a40        0x8 ./Drivers/BSP/STM32F4-Discovery/stm32f4_discovery.o
                0x0000000008002a40                GPIO_PIN
 .rodata.AHBPrescTable
                0x0000000008002a48       0x10 ./Drivers/CMSIS/system_stm32f4xx.o
                0x0000000008002a48                AHBPrescTable
 .rodata.APBPrescTable
                0x0000000008002a58        0x8 ./Drivers/CMSIS/system_stm32f4xx.o
                0x0000000008002a58                APBPrescTable
                0x0000000008002a60                . = ALIGN (0x4)

.ARM.extab      0x0000000008002a60        0x0
                0x0000000008002a60                . = ALIGN (0x4)
 *(.ARM.extab* .gnu.linkonce.armextab.*)
                0x0000000008002a60                . = ALIGN (0x4)

.ARM            0x0000000008002a60        0x8
                0x0000000008002a60                . = ALIGN (0x4)
                0x0000000008002a60                __exidx_start = .
 *(.ARM.exidx*)
 .ARM.exidx     0x0000000008002a60        0x8 C:/ST/STM32CubeIDE_1.14.1/STM32CubeIDE/plugins/com.st.stm32cube.ide.mcu.externaltools.gnu-tools-for-stm32.11.3.rel1.win32_1.1.100.202309141235/tools/bin/../lib/gcc/arm-none-eabi/11.3.1/thumb/v7e-m+fp/hard\libgcc.a(_udivmoddi4.o)
                0x0000000008002a68                __exidx_end = .
                0x0000000008002a68                . = ALIGN (0x4)

.rel.dyn        0x0000000008002a68        0x0
 .rel.iplt      0x0000000008002a68        0x0 C:/ST/STM32CubeIDE_1.14.1/STM32CubeIDE/plugins/com.st.stm32cube.ide.mcu.externaltools.gnu-tools-for-stm32.11.3.rel1.win32_1.1.100.202309141235/tools/bin/../lib/gcc/arm-none-eabi/11.3.1/thumb/v7e-m+fp/hard/crtbegin.o

.preinit_array  0x0000000008002a68        0x0
                0x0000000008002a68                . = ALIGN (0x4)
                0x0000000008002a68                PROVIDE (__preinit_array_start = .)
 *(.preinit_array*)
                0x0000000008002a68                PROVIDE (__preinit_array_end = .)
                0x0000000008002a68                . = ALIGN (0x4)

.init_array     0x0000000008002a68        0x4
                0x0000000008002a68                . = ALIGN (0x4)
                0x0000000008002a68                PROVIDE (__init_array_start = .)
 *(SORT_BY_NAME(.init_array.*))
 *(.init_array*)
 .init_array    0x0000000008002a68        0x4 C:/ST/STM32CubeIDE_1.14.1/STM32CubeIDE/plugins/com.st.stm32cube.ide.mcu.externaltools.gnu-tools-for-stm32.11.3.rel1.win32_1.1.100.202309141235/tools/bin/../lib/gcc/arm-none-eabi/11.3.1/thumb/v7e-m+fp/hard/crtbegin.o
                0x0000000008002a6c                PROVIDE (__init_array_end = .)
                0x0000000008002a6c                . = ALIGN (0x4)

.fini_array     0x0000000008002a6c        0x4
                0x0000000008002a6c                . = ALIGN (0x4)
                [!provide]                        PROVIDE (__fini_array_start = .)
 *(SORT_BY_NAME(.fini_array.*))
 *(.fini_array*)
 .fini_array    0x0000000008002a6c        0x4 C:/ST/STM32CubeIDE_1.14.1/STM32CubeIDE/plugins/com.st.stm32cube.ide.mcu.externaltools.gnu-tools-for-stm32.11.3.rel1.win32_1.1.100.202309141235/tools/bin/../lib/gcc/arm-none-eabi/11.3.1/thumb/v7e-m+fp/hard/crtbegin.o
                [!provide]                        PROVIDE (__fini_array_end = .)
                0x0000000008002a70                . = ALIGN (0x4)
                0x0000000008002a70                _sidata = LOADADDR (.data)

.data           0x0000000020000000       0x7c load address 0x0000000008002a70
                0x0000000020000000                . = ALIGN (0x4)
                0x0000000020000000                _sdata = .
 *(.data)
 *(.data*)
 .data.GPIO_PORT
                0x0000000020000000       0x10 ./Drivers/BSP/STM32F4-Discovery/stm32f4_discovery.o
                0x0000000020000000                GPIO_PORT
 .data.BUTTON_PORT
                0x0000000020000010        0x4 ./Drivers/BSP/STM32F4-Discovery/stm32f4_discovery.o
                0x0000000020000010                BUTTON_PORT
 .data.SystemCoreClock
                0x0000000020000014        0x4 ./Drivers/CMSIS/system_stm32f4xx.o
                0x0000000020000014                SystemCoreClock
 .data.uwTickPrio
                0x0000000020000018        0x4 ./Drivers/STM32F4xx_HAL_Driver/stm32f4xx_hal.o
                0x0000000020000018                uwTickPrio
 .data.uwTickFreq
                0x000000002000001c        0x1 ./Drivers/STM32F4xx_HAL_Driver/stm32f4xx_hal.o
                0x000000002000001c                uwTickFreq
 *fill*         0x000000002000001d        0x3 
 .data.aTxBuffer
                0x0000000020000020       0x5b ./Example/User/main.o
                0x0000000020000020                aTxBuffer
 *(.RamFunc)
 *(.RamFunc*)
                0x000000002000007c                . = ALIGN (0x4)
 *fill*         0x000000002000007b        0x1 
                0x000000002000007c                _edata = .
                0x0000000008002aec                _siccmram = LOADADDR (.ccmram)

.igot.plt       0x000000002000007c        0x0 load address 0x0000000008002aec
 .igot.plt      0x000000002000007c        0x0 C:/ST/STM32CubeIDE_1.14.1/STM32CubeIDE/plugins/com.st.stm32cube.ide.mcu.externaltools.gnu-tools-for-stm32.11.3.rel1.win32_1.1.100.202309141235/tools/bin/../lib/gcc/arm-none-eabi/11.3.1/thumb/v7e-m+fp/hard/crtbegin.o

.ccmram         0x0000000010000000        0x0 load address 0x0000000008002aec
                0x0000000010000000                . = ALIGN (0x4)
                0x0000000010000000                _sccmram = .
 *(.ccmram)
 *(.ccmram*)
                0x0000000010000000                . = ALIGN (0x4)
                0x0000000010000000                _eccmram = .
                0x0000000010000000                . = ALIGN (0x4)

.bss            0x000000002000007c       0x6c
                0x000000002000007c                _sbss = .
                0x000000002000007c                __bss_start__ = _sbss
 *(.bss)
 .bss           0x000000002000007c       0x1c C:/ST/STM32CubeIDE_1.14.1/STM32CubeIDE/plugins/com.st.stm32cube.ide.mcu.externaltools.gnu-tools-for-stm32.11.3.rel1.win32_1.1.100.202309141235/tools/bin/../lib/gcc/arm-none-eabi/11.3.1/thumb/v7e-m+fp/hard/crtbegin.o
 *(.bss*)
 .bss.uwTick    0x0000000020000098        0x4 ./Drivers/STM32F4xx_HAL_Driver/stm32f4xx_hal.o
                0x0000000020000098                uwTick
 .bss.UartHandle
                0x000000002000009c       0x48 ./Example/User/main.o
                0x000000002000009c                UartHandle
 .bss.UartReady
                0x00000000200000e4        0x1 ./Example/User/main.o
                0x00000000200000e4                UartReady
 *(COMMON)
                0x00000000200000e8                . = ALIGN (0x4)
 *fill*         0x00000000200000e5        0x3 
                0x00000000200000e8                _ebss = .
                0x00000000200000e8                __bss_end__ = _ebss

._user_heap_stack
                0x00000000200000e8      0x600
                0x00000000200000e8                . = ALIGN (0x8)
                [!provide]                        PROVIDE (end = .)
                0x00000000200000e8                PROVIDE (_end = .)
                0x00000000200002e8                . = (. + _Min_Heap_Size)
 *fill*         0x00000000200000e8      0x200 
                0x00000000200006e8                . = (. + _Min_Stack_Size)
 *fill*         0x00000000200002e8      0x400 
                0x00000000200006e8                . = ALIGN (0x8)

/DISCARD/
 libc.a(*)
 libm.a(*)
 libgcc.a(*)

.ARM.attributes
                0x0000000000000000       0x30
 *(.ARM.attributes)
 .ARM.attributes
                0x0000000000000000       0x1e C:/ST/STM32CubeIDE_1.14.1/STM32CubeIDE/plugins/com.st.stm32cube.ide.mcu.externaltools.gnu-tools-for-stm32.11.3.rel1.win32_1.1.100.202309141235/tools/bin/../lib/gcc/arm-none-eabi/11.3.1/thumb/v7e-m+fp/hard/crti.o
 .ARM.attributes
                0x000000000000001e       0x34 C:/ST/STM32CubeIDE_1.14.1/STM32CubeIDE/plugins/com.st.stm32cube.ide.mcu.externaltools.gnu-tools-for-stm32.11.3.rel1.win32_1.1.100.202309141235/tools/bin/../lib/gcc/arm-none-eabi/11.3.1/thumb/v7e-m+fp/hard/crtbegin.o
 .ARM.attributes
                0x0000000000000052       0x34 ./Drivers/BSP/STM32F4-Discovery/stm32f4_discovery.o
 .ARM.attributes
                0x0000000000000086       0x34 ./Drivers/CMSIS/system_stm32f4xx.o
 .ARM.attributes
                0x00000000000000ba       0x34 ./Drivers/STM32F4xx_HAL_Driver/stm32f4xx_hal.o
 .ARM.attributes
                0x00000000000000ee       0x34 ./Drivers/STM32F4xx_HAL_Driver/stm32f4xx_hal_cortex.o
 .ARM.attributes
                0x0000000000000122       0x34 ./Drivers/STM32F4xx_HAL_Driver/stm32f4xx_hal_dma.o
 .ARM.attributes
                0x0000000000000156       0x34 ./Drivers/STM32F4xx_HAL_Driver/stm32f4xx_hal_gpio.o
 .ARM.attributes
                0x000000000000018a       0x34 ./Drivers/STM32F4xx_HAL_Driver/stm32f4xx_hal_rcc.o
 .ARM.attributes
                0x00000000000001be       0x34 ./Drivers/STM32F4xx_HAL_Driver/stm32f4xx_hal_uart.o
 .ARM.attributes
                0x00000000000001f2       0x21 ./Example/Startup/startup_stm32f407vgtx.o
 .ARM.attributes
                0x0000000000000213       0x34 ./Example/User/main.o
 .ARM.attributes
                0x0000000000000247       0x34 ./Example/User/stm32f4xx_hal_msp.o
 .ARM.attributes
                0x000000000000027b       0x34 ./Example/User/stm32f4xx_it.o
 .ARM.attributes
                0x00000000000002af       0x34 C:/ST/STM32CubeIDE_1.14.1/STM32CubeIDE/plugins/com.st.stm32cube.ide.mcu.externaltools.gnu-tools-for-stm32.11.3.rel1.win32_1.1.100.202309141235/tools/bin/../lib/gcc/arm-none-eabi/11.3.1/../../../../arm-none-eabi/lib/thumb/v7e-m+fp/hard\libc_nano.a(libc_a-init.o)
 .ARM.attributes
                0x00000000000002e3       0x1e C:/ST/STM32CubeIDE_1.14.1/STM32CubeIDE/plugins/com.st.stm32cube.ide.mcu.externaltools.gnu-tools-for-stm32.11.3.rel1.win32_1.1.100.202309141235/tools/bin/../lib/gcc/arm-none-eabi/11.3.1/thumb/v7e-m+fp/hard\libgcc.a(_aeabi_uldivmod.o)
 .ARM.attributes
                0x0000000000000301       0x34 C:/ST/STM32CubeIDE_1.14.1/STM32CubeIDE/plugins/com.st.stm32cube.ide.mcu.externaltools.gnu-tools-for-stm32.11.3.rel1.win32_1.1.100.202309141235/tools/bin/../lib/gcc/arm-none-eabi/11.3.1/thumb/v7e-m+fp/hard\libgcc.a(_udivmoddi4.o)
 .ARM.attributes
                0x0000000000000335       0x1e C:/ST/STM32CubeIDE_1.14.1/STM32CubeIDE/plugins/com.st.stm32cube.ide.mcu.externaltools.gnu-tools-for-stm32.11.3.rel1.win32_1.1.100.202309141235/tools/bin/../lib/gcc/arm-none-eabi/11.3.1/thumb/v7e-m+fp/hard\libgcc.a(_dvmd_tls.o)
 .ARM.attributes
                0x0000000000000353       0x1e C:/ST/STM32CubeIDE_1.14.1/STM32CubeIDE/plugins/com.st.stm32cube.ide.mcu.externaltools.gnu-tools-for-stm32.11.3.rel1.win32_1.1.100.202309141235/tools/bin/../lib/gcc/arm-none-eabi/11.3.1/thumb/v7e-m+fp/hard/crtn.o
OUTPUT(UART_TwoBoards_ComIT.elf elf32-littlearm)
LOAD linker stubs
LOAD C:/ST/STM32CubeIDE_1.14.1/STM32CubeIDE/plugins/com.st.stm32cube.ide.mcu.externaltools.gnu-tools-for-stm32.11.3.rel1.win32_1.1.100.202309141235/tools/bin/../lib/gcc/arm-none-eabi/11.3.1/../../../../arm-none-eabi/lib/thumb/v7e-m+fp/hard\libc.a
LOAD C:/ST/STM32CubeIDE_1.14.1/STM32CubeIDE/plugins/com.st.stm32cube.ide.mcu.externaltools.gnu-tools-for-stm32.11.3.rel1.win32_1.1.100.202309141235/tools/bin/../lib/gcc/arm-none-eabi/11.3.1/../../../../arm-none-eabi/lib/thumb/v7e-m+fp/hard\libm.a
LOAD C:/ST/STM32CubeIDE_1.14.1/STM32CubeIDE/plugins/com.st.stm32cube.ide.mcu.externaltools.gnu-tools-for-stm32.11.3.rel1.win32_1.1.100.202309141235/tools/bin/../lib/gcc/arm-none-eabi/11.3.1/thumb/v7e-m+fp/hard\libgcc.a

.comment        0x0000000000000000       0x43
 .comment       0x0000000000000000       0x43 C:/ST/STM32CubeIDE_1.14.1/STM32CubeIDE/plugins/com.st.stm32cube.ide.mcu.externaltools.gnu-tools-for-stm32.11.3.rel1.win32_1.1.100.202309141235/tools/bin/../lib/gcc/arm-none-eabi/11.3.1/thumb/v7e-m+fp/hard/crtbegin.o
                                         0x44 (size before relaxing)
 .comment       0x0000000000000043       0x44 ./Drivers/BSP/STM32F4-Discovery/stm32f4_discovery.o
 .comment       0x0000000000000043       0x44 ./Drivers/CMSIS/system_stm32f4xx.o
 .comment       0x0000000000000043       0x44 ./Drivers/STM32F4xx_HAL_Driver/stm32f4xx_hal.o
 .comment       0x0000000000000043       0x44 ./Drivers/STM32F4xx_HAL_Driver/stm32f4xx_hal_cortex.o
 .comment       0x0000000000000043       0x44 ./Drivers/STM32F4xx_HAL_Driver/stm32f4xx_hal_dma.o
 .comment       0x0000000000000043       0x44 ./Drivers/STM32F4xx_HAL_Driver/stm32f4xx_hal_gpio.o
 .comment       0x0000000000000043       0x44 ./Drivers/STM32F4xx_HAL_Driver/stm32f4xx_hal_rcc.o
 .comment       0x0000000000000043       0x44 ./Drivers/STM32F4xx_HAL_Driver/stm32f4xx_hal_uart.o
 .comment       0x0000000000000043       0x44 ./Example/User/main.o
 .comment       0x0000000000000043       0x44 ./Example/User/stm32f4xx_hal_msp.o
 .comment       0x0000000000000043       0x44 ./Example/User/stm32f4xx_it.o

.debug_info     0x0000000000000000     0x96ab
 .debug_info    0x0000000000000000     0x15c3 ./Drivers/BSP/STM32F4-Discovery/stm32f4_discovery.o
 .debug_info    0x00000000000015c3      0x512 ./Drivers/CMSIS/system_stm32f4xx.o
 .debug_info    0x0000000000001ad5      0x944 ./Drivers/STM32F4xx_HAL_Driver/stm32f4xx_hal.o
 .debug_info    0x0000000000002419      0xd57 ./Drivers/STM32F4xx_HAL_Driver/stm32f4xx_hal_cortex.o
 .debug_info    0x0000000000003170      0x8e7 ./Drivers/STM32F4xx_HAL_Driver/stm32f4xx_hal_dma.o
 .debug_info    0x0000000000003a57      0x6c3 ./Drivers/STM32F4xx_HAL_Driver/stm32f4xx_hal_gpio.o
 .debug_info    0x000000000000411a      0x8b1 ./Drivers/STM32F4xx_HAL_Driver/stm32f4xx_hal_rcc.o
 .debug_info    0x00000000000049cb     0x2f4f ./Drivers/STM32F4xx_HAL_Driver/stm32f4xx_hal_uart.o
 .debug_info    0x000000000000791a       0x23 ./Example/Startup/startup_stm32f407vgtx.o
 .debug_info    0x000000000000793d      0xc08 ./Example/User/main.o
 .debug_info    0x0000000000008545      0xb2d ./Example/User/stm32f4xx_hal_msp.o
 .debug_info    0x0000000000009072      0x639 ./Example/User/stm32f4xx_it.o

.debug_abbrev   0x0000000000000000     0x18de
 .debug_abbrev  0x0000000000000000      0x2fa ./Drivers/BSP/STM32F4-Discovery/stm32f4_discovery.o
 .debug_abbrev  0x00000000000002fa      0x11a ./Drivers/CMSIS/system_stm32f4xx.o
 .debug_abbrev  0x0000000000000414      0x214 ./Drivers/STM32F4xx_HAL_Driver/stm32f4xx_hal.o
 .debug_abbrev  0x0000000000000628      0x328 ./Drivers/STM32F4xx_HAL_Driver/stm32f4xx_hal_cortex.o
 .debug_abbrev  0x0000000000000950      0x264 ./Drivers/STM32F4xx_HAL_Driver/stm32f4xx_hal_dma.o
 .debug_abbrev  0x0000000000000bb4      0x1d4 ./Drivers/STM32F4xx_HAL_Driver/stm32f4xx_hal_gpio.o
 .debug_abbrev  0x0000000000000d88      0x2b6 ./Drivers/STM32F4xx_HAL_Driver/stm32f4xx_hal_rcc.o
 .debug_abbrev  0x000000000000103e      0x30e ./Drivers/STM32F4xx_HAL_Driver/stm32f4xx_hal_uart.o
 .debug_abbrev  0x000000000000134c       0x12 ./Example/Startup/startup_stm32f407vgtx.o
 .debug_abbrev  0x000000000000135e      0x241 ./Example/User/main.o
 .debug_abbrev  0x000000000000159f      0x1ca ./Example/User/stm32f4xx_hal_msp.o
 .debug_abbrev  0x0000000000001769      0x175 ./Example/User/stm32f4xx_it.o

.debug_aranges  0x0000000000000000      0x790
 .debug_aranges
                0x0000000000000000       0xd8 ./Drivers/BSP/STM32F4-Discovery/stm32f4_discovery.o
 .debug_aranges
                0x00000000000000d8       0x28 ./Drivers/CMSIS/system_stm32f4xx.o
 .debug_aranges
                0x0000000000000100       0xf0 ./Drivers/STM32F4xx_HAL_Driver/stm32f4xx_hal.o
 .debug_aranges
                0x00000000000001f0      0x120 ./Drivers/STM32F4xx_HAL_Driver/stm32f4xx_hal_cortex.o
 .debug_aranges
                0x0000000000000310       0x90 ./Drivers/STM32F4xx_HAL_Driver/stm32f4xx_hal_dma.o
 .debug_aranges
                0x00000000000003a0       0x58 ./Drivers/STM32F4xx_HAL_Driver/stm32f4xx_hal_gpio.o
 .debug_aranges
                0x00000000000003f8       0x88 ./Drivers/STM32F4xx_HAL_Driver/stm32f4xx_hal_rcc.o
 .debug_aranges
                0x0000000000000480      0x208 ./Drivers/STM32F4xx_HAL_Driver/stm32f4xx_hal_uart.o
 .debug_aranges
                0x0000000000000688       0x28 ./Example/Startup/startup_stm32f407vgtx.o
 .debug_aranges
                0x00000000000006b0       0x50 ./Example/User/main.o
 .debug_aranges
                0x0000000000000700       0x28 ./Example/User/stm32f4xx_hal_msp.o
 .debug_aranges
                0x0000000000000728       0x68 ./Example/User/stm32f4xx_it.o

.debug_rnglists
                0x0000000000000000      0x5c3
 .debug_rnglists
                0x0000000000000000       0xa0 ./Drivers/BSP/STM32F4-Discovery/stm32f4_discovery.o
 .debug_rnglists
                0x00000000000000a0       0x1a ./Drivers/CMSIS/system_stm32f4xx.o
 .debug_rnglists
                0x00000000000000ba       0xaf ./Drivers/STM32F4xx_HAL_Driver/stm32f4xx_hal.o
 .debug_rnglists
                0x0000000000000169       0xd4 ./Drivers/STM32F4xx_HAL_Driver/stm32f4xx_hal_cortex.o
 .debug_rnglists
                0x000000000000023d       0x70 ./Drivers/STM32F4xx_HAL_Driver/stm32f4xx_hal_dma.o
 .debug_rnglists
                0x00000000000002ad       0x3f ./Drivers/STM32F4xx_HAL_Driver/stm32f4xx_hal_gpio.o
 .debug_rnglists
                0x00000000000002ec       0x66 ./Drivers/STM32F4xx_HAL_Driver/stm32f4xx_hal_rcc.o
 .debug_rnglists
                0x0000000000000352      0x1bc ./Drivers/STM32F4xx_HAL_Driver/stm32f4xx_hal_uart.o
 .debug_rnglists
                0x000000000000050e       0x19 ./Example/Startup/startup_stm32f407vgtx.o
 .debug_rnglists
                0x0000000000000527       0x39 ./Example/User/main.o
 .debug_rnglists
                0x0000000000000560       0x1a ./Example/User/stm32f4xx_hal_msp.o
 .debug_rnglists
                0x000000000000057a       0x49 ./Example/User/stm32f4xx_it.o

.debug_macro    0x0000000000000000    0x1fdd4
 .debug_macro   0x0000000000000000      0x201 ./Drivers/BSP/STM32F4-Discovery/stm32f4_discovery.o
 .debug_macro   0x0000000000000201      0xaae ./Drivers/BSP/STM32F4-Discovery/stm32f4_discovery.o
 .debug_macro   0x0000000000000caf      0x1ab ./Drivers/BSP/STM32F4-Discovery/stm32f4_discovery.o
 .debug_macro   0x0000000000000e5a       0x2e ./Drivers/BSP/STM32F4-Discovery/stm32f4_discovery.o
 .debug_macro   0x0000000000000e88       0x2f ./Drivers/BSP/STM32F4-Discovery/stm32f4_discovery.o
 .debug_macro   0x0000000000000eb7       0x22 ./Drivers/BSP/STM32F4-Discovery/stm32f4_discovery.o
 .debug_macro   0x0000000000000ed9       0x8e ./Drivers/BSP/STM32F4-Discovery/stm32f4_discovery.o
 .debug_macro   0x0000000000000f67       0x51 ./Drivers/BSP/STM32F4-Discovery/stm32f4_discovery.o
 .debug_macro   0x0000000000000fb8      0x103 ./Drivers/BSP/STM32F4-Discovery/stm32f4_discovery.o
 .debug_macro   0x00000000000010bb       0x6a ./Drivers/BSP/STM32F4-Discovery/stm32f4_discovery.o
 .debug_macro   0x0000000000001125      0x1df ./Drivers/BSP/STM32F4-Discovery/stm32f4_discovery.o
 .debug_macro   0x0000000000001304       0x1c ./Drivers/BSP/STM32F4-Discovery/stm32f4_discovery.o
 .debug_macro   0x0000000000001320       0x22 ./Drivers/BSP/STM32F4-Discovery/stm32f4_discovery.o
 .debug_macro   0x0000000000001342       0xfb ./Drivers/BSP/STM32F4-Discovery/stm32f4_discovery.o
 .debug_macro   0x000000000000143d     0x1011 ./Drivers/BSP/STM32F4-Discovery/stm32f4_discovery.o
 .debug_macro   0x000000000000244e      0x11f ./Drivers/BSP/STM32F4-Discovery/stm32f4_discovery.o
 .debug_macro   0x000000000000256d    0x15e97 ./Drivers/BSP/STM32F4-Discovery/stm32f4_discovery.o
 .debug_macro   0x0000000000018404       0x6d ./Drivers/BSP/STM32F4-Discovery/stm32f4_discovery.o
 .debug_macro   0x0000000000018471     0x368c ./Drivers/BSP/STM32F4-Discovery/stm32f4_discovery.o
 .debug_macro   0x000000000001bafd      0x174 ./Drivers/BSP/STM32F4-Discovery/stm32f4_discovery.o
 .debug_macro   0x000000000001bc71       0x5c ./Drivers/BSP/STM32F4-Discovery/stm32f4_discovery.o
 .debug_macro   0x000000000001bccd      0x980 ./Drivers/BSP/STM32F4-Discovery/stm32f4_discovery.o
 .debug_macro   0x000000000001c64d      0x9e9 ./Drivers/BSP/STM32F4-Discovery/stm32f4_discovery.o
 .debug_macro   0x000000000001d036      0x115 ./Drivers/BSP/STM32F4-Discovery/stm32f4_discovery.o
 .debug_macro   0x000000000001d14b      0x13e ./Drivers/BSP/STM32F4-Discovery/stm32f4_discovery.o
 .debug_macro   0x000000000001d289       0xa5 ./Drivers/BSP/STM32F4-Discovery/stm32f4_discovery.o
 .debug_macro   0x000000000001d32e      0x287 ./Drivers/BSP/STM32F4-Discovery/stm32f4_discovery.o
 .debug_macro   0x000000000001d5b5       0x5f ./Drivers/BSP/STM32F4-Discovery/stm32f4_discovery.o
 .debug_macro   0x000000000001d614      0x236 ./Drivers/BSP/STM32F4-Discovery/stm32f4_discovery.o
 .debug_macro   0x000000000001d84a      0x12c ./Drivers/BSP/STM32F4-Discovery/stm32f4_discovery.o
 .debug_macro   0x000000000001d976      0x21e ./Drivers/BSP/STM32F4-Discovery/stm32f4_discovery.o
 .debug_macro   0x000000000001db94       0x2e ./Drivers/BSP/STM32F4-Discovery/stm32f4_discovery.o
 .debug_macro   0x000000000001dbc2      0x1b5 ./Drivers/BSP/STM32F4-Discovery/stm32f4_discovery.o
 .debug_macro   0x000000000001dd77       0xd6 ./Drivers/BSP/STM32F4-Discovery/stm32f4_discovery.o
 .debug_macro   0x000000000001de4d      0x127 ./Drivers/BSP/STM32F4-Discovery/stm32f4_discovery.o
 .debug_macro   0x000000000001df74       0x7e ./Drivers/BSP/STM32F4-Discovery/stm32f4_discovery.o
 .debug_macro   0x000000000001dff2       0x89 ./Drivers/BSP/STM32F4-Discovery/stm32f4_discovery.o
 .debug_macro   0x000000000001e07b      0x225 ./Drivers/BSP/STM32F4-Discovery/stm32f4_discovery.o
 .debug_macro   0x000000000001e2a0      0x2aa ./Drivers/BSP/STM32F4-Discovery/stm32f4_discovery.o
 .debug_macro   0x000000000001e54a      0x12d ./Drivers/BSP/STM32F4-Discovery/stm32f4_discovery.o
 .debug_macro   0x000000000001e677      0x1d9 ./Drivers/BSP/STM32F4-Discovery/stm32f4_discovery.o
 .debug_macro   0x000000000001e850      0x1da ./Drivers/CMSIS/system_stm32f4xx.o
 .debug_macro   0x000000000001ea2a      0x234 ./Drivers/STM32F4xx_HAL_Driver/stm32f4xx_hal.o
 .debug_macro   0x000000000001ec5e      0x1d4 ./Drivers/STM32F4xx_HAL_Driver/stm32f4xx_hal_cortex.o
 .debug_macro   0x000000000001ee32      0x1da ./Drivers/STM32F4xx_HAL_Driver/stm32f4xx_hal_dma.o
 .debug_macro   0x000000000001f00c      0x1da ./Drivers/STM32F4xx_HAL_Driver/stm32f4xx_hal_gpio.o
 .debug_macro   0x000000000001f1e6      0x1f8 ./Drivers/STM32F4xx_HAL_Driver/stm32f4xx_hal_rcc.o
 .debug_macro   0x000000000001f3de      0x1d5 ./Drivers/STM32F4xx_HAL_Driver/stm32f4xx_hal_uart.o
 .debug_macro   0x000000000001f5b3      0x1f2 ./Example/User/main.o
 .debug_macro   0x000000000001f7a5      0x1df ./Example/User/main.o
 .debug_macro   0x000000000001f984       0x6a ./Example/User/main.o
 .debug_macro   0x000000000001f9ee      0x1ec ./Example/User/stm32f4xx_hal_msp.o
 .debug_macro   0x000000000001fbda      0x1fa ./Example/User/stm32f4xx_it.o

.debug_line     0x0000000000000000     0x9847
 .debug_line    0x0000000000000000      0xb5d ./Drivers/BSP/STM32F4-Discovery/stm32f4_discovery.o
 .debug_line    0x0000000000000b5d      0x832 ./Drivers/CMSIS/system_stm32f4xx.o
 .debug_line    0x000000000000138f      0xa7d ./Drivers/STM32F4xx_HAL_Driver/stm32f4xx_hal.o
 .debug_line    0x0000000000001e0c      0xd4a ./Drivers/STM32F4xx_HAL_Driver/stm32f4xx_hal_cortex.o
 .debug_line    0x0000000000002b56      0xfe2 ./Drivers/STM32F4xx_HAL_Driver/stm32f4xx_hal_dma.o
 .debug_line    0x0000000000003b38      0xbf2 ./Drivers/STM32F4xx_HAL_Driver/stm32f4xx_hal_gpio.o
 .debug_line    0x000000000000472a      0xdf7 ./Drivers/STM32F4xx_HAL_Driver/stm32f4xx_hal_rcc.o
 .debug_line    0x0000000000005521     0x293b ./Drivers/STM32F4xx_HAL_Driver/stm32f4xx_hal_uart.o
 .debug_line    0x0000000000007e5c       0x7a ./Example/Startup/startup_stm32f407vgtx.o
 .debug_line    0x0000000000007ed6      0x8d4 ./Example/User/main.o
 .debug_line    0x00000000000087aa      0x7fe ./Example/User/stm32f4xx_hal_msp.o
 .debug_line    0x0000000000008fa8      0x89f ./Example/User/stm32f4xx_it.o

.debug_str      0x0000000000000000    0xc28e7
 .debug_str     0x0000000000000000    0xc084e ./Drivers/BSP/STM32F4-Discovery/stm32f4_discovery.o
                                      0xc0b98 (size before relaxing)
 .debug_str     0x00000000000c084e      0x12a ./Drivers/CMSIS/system_stm32f4xx.o
                                      0xbeded (size before relaxing)
 .debug_str     0x00000000000c0978      0x66d ./Drivers/STM32F4xx_HAL_Driver/stm32f4xx_hal.o
                                      0xbf961 (size before relaxing)
 .debug_str     0x00000000000c0fe5      0x38d ./Drivers/STM32F4xx_HAL_Driver/stm32f4xx_hal_cortex.o
                                      0xbf6ab (size before relaxing)
 .debug_str     0x00000000000c1372      0x367 ./Drivers/STM32F4xx_HAL_Driver/stm32f4xx_hal_dma.o
                                      0xbf1f7 (size before relaxing)
 .debug_str     0x00000000000c16d9      0x14c ./Drivers/STM32F4xx_HAL_Driver/stm32f4xx_hal_gpio.o
                                      0xbef58 (size before relaxing)
 .debug_str     0x00000000000c1825      0x3ad ./Drivers/STM32F4xx_HAL_Driver/stm32f4xx_hal_rcc.o
                                      0xbf211 (size before relaxing)
 .debug_str     0x00000000000c1bd2      0x826 ./Drivers/STM32F4xx_HAL_Driver/stm32f4xx_hal_uart.o
                                      0xbf7f2 (size before relaxing)
 .debug_str     0x00000000000c23f8       0x37 ./Example/Startup/startup_stm32f407vgtx.o
                                         0x8c (size before relaxing)
 .debug_str     0x00000000000c242f      0x367 ./Example/User/main.o
                                      0xc0437 (size before relaxing)
 .debug_str     0x00000000000c2796       0x5a ./Example/User/stm32f4xx_hal_msp.o
                                      0xc06d1 (size before relaxing)
 .debug_str     0x00000000000c27f0       0xf7 ./Example/User/stm32f4xx_it.o
                                      0xc00c4 (size before relaxing)

.debug_frame    0x0000000000000000     0x1dc4
 .debug_frame   0x0000000000000000      0x350 ./Drivers/BSP/STM32F4-Discovery/stm32f4_discovery.o
 .debug_frame   0x0000000000000350       0x58 ./Drivers/CMSIS/system_stm32f4xx.o
 .debug_frame   0x00000000000003a8      0x374 ./Drivers/STM32F4xx_HAL_Driver/stm32f4xx_hal.o
 .debug_frame   0x000000000000071c      0x4b8 ./Drivers/STM32F4xx_HAL_Driver/stm32f4xx_hal_cortex.o
 .debug_frame   0x0000000000000bd4      0x250 ./Drivers/STM32F4xx_HAL_Driver/stm32f4xx_hal_dma.o
 .debug_frame   0x0000000000000e24      0x14c ./Drivers/STM32F4xx_HAL_Driver/stm32f4xx_hal_gpio.o
 .debug_frame   0x0000000000000f70      0x1f4 ./Drivers/STM32F4xx_HAL_Driver/stm32f4xx_hal_rcc.o
 .debug_frame   0x0000000000001164      0x954 ./Drivers/STM32F4xx_HAL_Driver/stm32f4xx_hal_uart.o
 .debug_frame   0x0000000000001ab8      0x100 ./Example/User/main.o
 .debug_frame   0x0000000000001bb8       0x58 ./Example/User/stm32f4xx_hal_msp.o
 .debug_frame   0x0000000000001c10      0x128 ./Example/User/stm32f4xx_it.o
 .debug_frame   0x0000000000001d38       0x2c C:/ST/STM32CubeIDE_1.14.1/STM32CubeIDE/plugins/com.st.stm32cube.ide.mcu.externaltools.gnu-tools-for-stm32.11.3.rel1.win32_1.1.100.202309141235/tools/bin/../lib/gcc/arm-none-eabi/11.3.1/../../../../arm-none-eabi/lib/thumb/v7e-m+fp/hard\libc_nano.a(libc_a-init.o)
 .debug_frame   0x0000000000001d64       0x2c C:/ST/STM32CubeIDE_1.14.1/STM32CubeIDE/plugins/com.st.stm32cube.ide.mcu.externaltools.gnu-tools-for-stm32.11.3.rel1.win32_1.1.100.202309141235/tools/bin/../lib/gcc/arm-none-eabi/11.3.1/thumb/v7e-m+fp/hard\libgcc.a(_aeabi_uldivmod.o)
 .debug_frame   0x0000000000001d90       0x34 C:/ST/STM32CubeIDE_1.14.1/STM32CubeIDE/plugins/com.st.stm32cube.ide.mcu.externaltools.gnu-tools-for-stm32.11.3.rel1.win32_1.1.100.202309141235/tools/bin/../lib/gcc/arm-none-eabi/11.3.1/thumb/v7e-m+fp/hard\libgcc.a(_udivmoddi4.o)

.debug_line_str
                0x0000000000000000       0x80
 .debug_line_str
                0x0000000000000000       0x80 ./Example/Startup/startup_stm32f407vgtx.o
                                         0x98 (size before relaxing)
