../Core/Inc/i2c.h:17:13:MX_I2C1_Init	8	static
../Core/Src/main.c:76:5:main	136	static
../Core/Src/main.c:130:6:SystemClock_Config	88	static
../Core/Src/main.c:175:13:MX_NVIC_Init	8	static
../Core/Src/main.c:197:13:MX_TIM7_Init	16	static
../Core/Src/main.c:235:13:MX_USART2_UART_Init	8	static
../Core/Src/main.c:263:5:__io_putchar	16	static
../Core/Src/main.c:274:13:MX_GPIO_Init	24	static
../Core/Src/main.c:289:6:HAL_TIM_PeriodElapsedCallback	16	static
../Core/Src/main.c:302:6:Error_Handler	4	static,ignoring_inline_asm
