../Core/Inc/i2c.h:17:13:MX_I2C1_Init	8	static
../Core/Src/main.c:82:5:main	136	static
../Core/Src/main.c:137:6:SystemClock_Config	88	static
../Core/Src/main.c:177:13:MX_NVIC_Init	8	static
../Core/Src/main.c:198:13:MX_ADC3_Init	24	static
../Core/Src/main.c:250:13:MX_TIM7_Init	16	static
../Core/Src/main.c:288:13:MX_USART2_UART_Init	8	static
../Core/Src/main.c:321:13:MX_GPIO_Init	24	static
../Core/Src/main.c:337:6:HAL_TIM_PeriodElapsedCallback	16	static
../Core/Src/main.c:344:5:__io_putchar	16	static
../Core/Src/main.c:356:6:Error_Handler	4	static,ignoring_inline_asm
