22:53:21 **** Incremental Build of configuration Debug for project cubemx_gpio_basic ****
make -j12 all 
arm-none-eabi-gcc "../Core/Src/main.c" -mcpu=cortex-m4 -std=gnu11 -g3 -DDEBUG -DUSE_HAL_DRIVER -DSTM32F407xx -c -I../Core/Inc -I../Drivers/STM32F4xx_HAL_Driver/Inc -I../Drivers/STM32F4xx_HAL_Driver/Inc/Legacy -I../Drivers/CMSIS/Device/ST/STM32F4xx/Include -I../Drivers/CMSIS/Include -O0 -ffunction-sections -fdata-sections -Wall -fstack-usage -fcyclomatic-complexity -MMD -MP -MF"Core/Src/main.d" -MT"Core/Src/main.o" --specs=nano.specs -mfpu=fpv4-sp-d16 -mfloat-abi=hard -mthumb -o "Core/Src/main.o"
arm-none-eabi-gcc -o "cubemx_gpio_basic.elf" @"objects.list"   -mcpu=cortex-m4 -T"C:\Users\conne\STM32CubeIDE\workspace_1.14.1\cubemx_gpio_basic\STM32F407VGTX_FLASH.ld" --specs=nosys.specs -Wl,-Map="cubemx_gpio_basic.map" -Wl,--gc-sections -static --specs=nano.specs -mfpu=fpv4-sp-d16 -mfloat-abi=hard -mthumb -Wl,--start-group -lc -lm -Wl,--end-group
Finished building target: cubemx_gpio_basic.elf
 
arm-none-eabi-size  cubemx_gpio_basic.elf 
arm-none-eabi-objdump -h -S cubemx_gpio_basic.elf  > "cubemx_gpio_basic.list"
   text	   data	    bss	    dec	    hex	filename
   5956	     20	   1572	   7548	   1d7c	cubemx_gpio_basic.elf
Finished building: default.size.stdout
 
Finished building: cubemx_gpio_basic.list
 

22:53:22 Build Finished. 0 errors, 0 warnings. (took 719ms)

