00:34:52 **** Incremental Build of configuration Debug for project cubemx_MPU6050 ****
make -j12 all 
arm-none-eabi-gcc "../Core/Src/main.c" -mcpu=cortex-m4 -std=gnu11 -g3 -DDEBUG -DUSE_HAL_DRIVER -DSTM32F407xx -c -I../Core/Inc -I../Drivers/STM32F4xx_HAL_Driver/Inc -I../Drivers/STM32F4xx_HAL_Driver/Inc/Legacy -I../Drivers/CMSIS/Device/ST/STM32F4xx/Include -I../Drivers/CMSIS/Include -O0 -ffunction-sections -fdata-sections -Wall -fstack-usage -fcyclomatic-complexity -MMD -MP -MF"Core/Src/main.d" -MT"Core/Src/main.o" --specs=nano.specs -mfpu=fpv4-sp-d16 -mfloat-abi=hard -mthumb -o "Core/Src/main.o"
arm-none-eabi-gcc -o "cubemx_MPU6050.elf" @"objects.list"   -mcpu=cortex-m4 -T"C:\Users\conne\STM32CubeIDE\workspace_1.14.1\cubemx_MPU6050\STM32F407VGTX_FLASH.ld" --specs=nosys.specs -Wl,-Map="cubemx_MPU6050.map" -Wl,--gc-sections -static -u _printf_float --specs=nano.specs -mfpu=fpv4-sp-d16 -mfloat-abi=hard -mthumb -Wl,--start-group -lc -lm -Wl,--end-group
Finished building target: cubemx_MPU6050.elf
 
arm-none-eabi-size  cubemx_MPU6050.elf 
arm-none-eabi-objdump -h -S cubemx_MPU6050.elf  > "cubemx_MPU6050.list"
   text	   data	    bss	    dec	    hex	filename
  43364	    712	   2208	  46284	   b4cc	cubemx_MPU6050.elf
Finished building: default.size.stdout
 
Finished building: cubemx_MPU6050.list
 

00:34:53 Build Finished. 0 errors, 0 warnings. (took 993ms)

