11:35:53 **** Build of configuration Debug for project cubemx_uart_hex_protocol ****
make -j12 all 
arm-none-eabi-gcc "../Core/Src/main.c" -mcpu=cortex-m4 -std=gnu11 -g3 -DDEBUG -DUSE_HAL_DRIVER -DSTM32F407xx -c -I../Core/Inc -I../Drivers/STM32F4xx_HAL_Driver/Inc -I../Drivers/STM32F4xx_HAL_Driver/Inc/Legacy -I../Drivers/CMSIS/Device/ST/STM32F4xx/Include -I../Drivers/CMSIS/Include -O0 -ffunction-sections -fdata-sections -Wall -fstack-usage -fcyclomatic-complexity -MMD -MP -MF"Core/Src/main.d" -MT"Core/Src/main.o" --specs=nano.specs -mfpu=fpv4-sp-d16 -mfloat-abi=hard -mthumb -o "Core/Src/main.o"
arm-none-eabi-gcc -o "cubemx_uart_hex_protocol.elf" @"objects.list"   -mcpu=cortex-m4 -T"C:\Users\conne\STM32CubeIDE\workspace_1.14.1\cubemx_uart_hex_protocol\STM32F407VGTX_FLASH.ld" --specs=nosys.specs -Wl,-Map="cubemx_uart_hex_protocol.map" -Wl,--gc-sections -static --specs=nano.specs -mfpu=fpv4-sp-d16 -mfloat-abi=hard -mthumb -Wl,--start-group -lc -lm -Wl,--end-group
Finished building target: cubemx_uart_hex_protocol.elf
 
arm-none-eabi-size  cubemx_uart_hex_protocol.elf 
arm-none-eabi-objdump -h -S cubemx_uart_hex_protocol.elf  > "cubemx_uart_hex_protocol.list"
   text	   data	    bss	    dec	    hex	filename
  10332	     20	   1652	  12004	   2ee4	cubemx_uart_hex_protocol.elf
Finished building: default.size.stdout
 
Finished building: cubemx_uart_hex_protocol.list
 

11:35:54 Build Finished. 0 errors, 0 warnings. (took 1s.296ms)

