12:06:36 **** Incremental Build of configuration Debug for project cubemx_timer_int ****
make -j12 all 
arm-none-eabi-gcc "../Core/Src/main.c" -mcpu=cortex-m4 -std=gnu11 -g3 -DDEBUG -DUSE_HAL_DRIVER -DSTM32F407xx -c -I../Core/Inc -I../Drivers/STM32F4xx_HAL_Driver/Inc -I../Drivers/STM32F4xx_HAL_Driver/Inc/Legacy -I../Drivers/CMSIS/Device/ST/STM32F4xx/Include -I../Drivers/CMSIS/Include -O0 -ffunction-sections -fdata-sections -Wall -fstack-usage -fcyclomatic-complexity -MMD -MP -MF"Core/Src/main.d" -MT"Core/Src/main.o" --specs=nano.specs -mfpu=fpv4-sp-d16 -mfloat-abi=hard -mthumb -o "Core/Src/main.o"
arm-none-eabi-gcc -o "cubemx_timer_int.elf" @"objects.list"   -mcpu=cortex-m4 -T"C:\Users\conne\STM32CubeIDE\workspace_1.14.1\cubemx_timer_int\STM32F407VGTX_FLASH.ld" --specs=nosys.specs -Wl,-Map="cubemx_timer_int.map" -Wl,--gc-sections -static --specs=nano.specs -mfpu=fpv4-sp-d16 -mfloat-abi=hard -mthumb -Wl,--start-group -lc -lm -Wl,--end-group
Finished building target: cubemx_timer_int.elf
 
arm-none-eabi-size  cubemx_timer_int.elf 
arm-none-eabi-objdump -h -S cubemx_timer_int.elf  > "cubemx_timer_int.list"
   text	   data	    bss	    dec	    hex	filename
   8008	     20	   1716	   9744	   2610	cubemx_timer_int.elf
Finished building: default.size.stdout
 
Finished building: cubemx_timer_int.list
 

12:06:37 Build Finished. 0 errors, 0 warnings. (took 784ms)

