15:43:19 **** Incremental Build of configuration Debug for project gasan_uart_rx ****
make -j12 all 
arm-none-eabi-gcc "../Core/Src/main.c" -mcpu=cortex-m4 -std=gnu11 -g3 -DDEBUG -DUSE_HAL_DRIVER -DSTM32F407xx -c -I../Core/Inc -I../Drivers/STM32F4xx_HAL_Driver/Inc -I../Drivers/STM32F4xx_HAL_Driver/Inc/Legacy -I../Drivers/CMSIS/Device/ST/STM32F4xx/Include -I../Drivers/CMSIS/Include -O0 -ffunction-sections -fdata-sections -Wall -fstack-usage -fcyclomatic-complexity -MMD -MP -MF"Core/Src/main.d" -MT"Core/Src/main.o" --specs=nano.specs -mfpu=fpv4-sp-d16 -mfloat-abi=hard -mthumb -o "Core/Src/main.o"
arm-none-eabi-gcc -o "gasan_uart_rx.elf" @"objects.list"   -mcpu=cortex-m4 -T"C:\Users\conne\STM32CubeIDE\workspace_1.14.1\gasan_uart_rx\STM32F407VGTX_FLASH.ld" --specs=nosys.specs -Wl,-Map="gasan_uart_rx.map" -Wl,--gc-sections -static --specs=nano.specs -mfpu=fpv4-sp-d16 -mfloat-abi=hard -mthumb -Wl,--start-group -lc -lm -Wl,--end-group
Finished building target: gasan_uart_rx.elf
 
arm-none-eabi-size  gasan_uart_rx.elf 
arm-none-eabi-objdump -h -S gasan_uart_rx.elf  > "gasan_uart_rx.list"
   text	   data	    bss	    dec	    hex	filename
  10452	     20	   1652	  12124	   2f5c	gasan_uart_rx.elf
Finished building: default.size.stdout
 
Finished building: gasan_uart_rx.list
 

15:43:21 Build Finished. 0 errors, 0 warnings. (took 2s.37ms)

