23:00:26 **** Incremental Build of configuration Debug for project siva_uart ****
make -j12 all 
arm-none-eabi-gcc "../Core/Src/main.c" -mcpu=cortex-m4 -std=gnu11 -g3 -DDEBUG -DUSE_HAL_DRIVER -DSTM32F407xx -c -I../Core/Inc -I../Drivers/STM32F4xx_HAL_Driver/Inc -I../Drivers/STM32F4xx_HAL_Driver/Inc/Legacy -I../Drivers/CMSIS/Device/ST/STM32F4xx/Include -I../Drivers/CMSIS/Include -O0 -ffunction-sections -fdata-sections -Wall -fstack-usage -fcyclomatic-complexity -MMD -MP -MF"Core/Src/main.d" -MT"Core/Src/main.o" --specs=nano.specs -mfpu=fpv4-sp-d16 -mfloat-abi=hard -mthumb -o "Core/Src/main.o"
arm-none-eabi-gcc -o "siva_uart.elf" @"objects.list"   -mcpu=cortex-m4 -T"C:\Users\conne\STM32CubeIDE\workspace_1.14.1\siva_uart\STM32F407VGTX_FLASH.ld" --specs=nosys.specs -Wl,-Map="siva_uart.map" -Wl,--gc-sections -static --specs=nano.specs -mfpu=fpv4-sp-d16 -mfloat-abi=hard -mthumb -Wl,--start-group -lc -lm -Wl,--end-group
Finished building target: siva_uart.elf
 
arm-none-eabi-size  siva_uart.elf 
arm-none-eabi-objdump -h -S siva_uart.elf  > "siva_uart.list"
   text	   data	    bss	    dec	    hex	filename
  10180	     20	   1652	  11852	   2e4c	siva_uart.elf
Finished building: default.size.stdout
 
Finished building: siva_uart.list
 

23:00:27 Build Finished. 0 errors, 0 warnings. (took 884ms)

