13:53:48 **** Incremental Build of configuration Debug for project terria_f4 ****
make -j12 all 
arm-none-eabi-gcc "../Core/Src/main.c" -mcpu=cortex-m4 -std=gnu11 -g3 -DDEBUG -DUSE_HAL_DRIVER -DSTM32F407xx -c -I../Core/Inc -I../Drivers/STM32F4xx_HAL_Driver/Inc -I../Drivers/STM32F4xx_HAL_Driver/Inc/Legacy -I../Drivers/CMSIS/Device/ST/STM32F4xx/Include -I../Drivers/CMSIS/Include -O0 -ffunction-sections -fdata-sections -Wall -fstack-usage -fcyclomatic-complexity -MMD -MP -MF"Core/Src/main.d" -MT"Core/Src/main.o" --specs=nano.specs -mfpu=fpv4-sp-d16 -mfloat-abi=hard -mthumb -o "Core/Src/main.o"
arm-none-eabi-gcc -o "terria_f4.elf" @"objects.list"   -mcpu=cortex-m4 -T"C:\Users\conne\STM32CubeIDE\workspace_1.14.1\terria_f4\STM32F407VGTX_FLASH.ld" --specs=nosys.specs -Wl,-Map="terria_f4.map" -Wl,--gc-sections -static --specs=nano.specs -mfpu=fpv4-sp-d16 -mfloat-abi=hard -mthumb -Wl,--start-group -lc -lm -Wl,--end-group
Finished building target: terria_f4.elf
 
arm-none-eabi-size  terria_f4.elf 
arm-none-eabi-objdump -h -S terria_f4.elf  > "terria_f4.list"
   text	   data	    bss	    dec	    hex	filename
  19032	     16	   2200	  21248	   5300	terria_f4.elf
Finished building: default.size.stdout
 
Finished building: terria_f4.list
 

13:53:49 Build Finished. 0 errors, 0 warnings. (took 805ms)

