16:27:46 **** Incremental Build of configuration Debug for project uga_1000 ****
make -j12 all 
arm-none-eabi-gcc "../Core/Src/main.c" -mcpu=cortex-m4 -std=gnu11 -g3 -DDEBUG -DUSE_HAL_DRIVER -DSTM32F407xx -c -I../Core/Inc -I../Drivers/STM32F4xx_HAL_Driver/Inc -I../Drivers/STM32F4xx_HAL_Driver/Inc/Legacy -I../Drivers/CMSIS/Device/ST/STM32F4xx/Include -I../Drivers/CMSIS/Include -O0 -ffunction-sections -fdata-sections -Wall -fstack-usage -fcyclomatic-complexity -MMD -MP -MF"Core/Src/main.d" -MT"Core/Src/main.o" --specs=nano.specs -mfpu=fpv4-sp-d16 -mfloat-abi=hard -mthumb -o "Core/Src/main.o"
arm-none-eabi-gcc -o "uga_1000.elf" @"objects.list"   -mcpu=cortex-m4 -T"C:\Users\conne\STM32CubeIDE\workspace_1.14.1\uga_1000\STM32F407VGTX_FLASH.ld" --specs=nosys.specs -Wl,-Map="uga_1000.map" -Wl,--gc-sections -static --specs=nano.specs -mfpu=fpv4-sp-d16 -mfloat-abi=hard -mthumb -Wl,--start-group -lc -lm -Wl,--end-group
Finished building target: uga_1000.elf
 
arm-none-eabi-size  uga_1000.elf 
arm-none-eabi-objdump -h -S uga_1000.elf  > "uga_1000.list"
   text	   data	    bss	    dec	    hex	filename
   8456	     20	   1644	  10120	   2788	uga_1000.elf
Finished building: default.size.stdout
 
Finished building: uga_1000.list
 

16:27:47 Build Finished. 0 errors, 0 warnings. (took 1s.679ms)

