15:03:19 **** Incremental Build of configuration Debug for project uga_hex_send ****
make -j12 all 
arm-none-eabi-gcc "../Core/Src/main.c" -mcpu=cortex-m4 -std=gnu11 -g3 -DDEBUG -DUSE_HAL_DRIVER -DSTM32F407xx -c -I../Core/Inc -I../Drivers/STM32F4xx_HAL_Driver/Inc -I../Drivers/STM32F4xx_HAL_Driver/Inc/Legacy -I../Drivers/CMSIS/Device/ST/STM32F4xx/Include -I../Drivers/CMSIS/Include -O0 -ffunction-sections -fdata-sections -Wall -fstack-usage -fcyclomatic-complexity -MMD -MP -MF"Core/Src/main.d" -MT"Core/Src/main.o" --specs=nano.specs -mfpu=fpv4-sp-d16 -mfloat-abi=hard -mthumb -o "Core/Src/main.o"
arm-none-eabi-gcc -o "uga_hex_send.elf" @"objects.list"   -mcpu=cortex-m4 -T"C:\Users\conne\STM32CubeIDE\workspace_1.14.1\uga_hex_send\STM32F407VGTX_FLASH.ld" --specs=nosys.specs -Wl,-Map="uga_hex_send.map" -Wl,--gc-sections -static --specs=nano.specs -mfpu=fpv4-sp-d16 -mfloat-abi=hard -mthumb -Wl,--start-group -lc -lm -Wl,--end-group
Finished building target: uga_hex_send.elf
 
arm-none-eabi-size  uga_hex_send.elf 
arm-none-eabi-objdump -h -S uga_hex_send.elf  > "uga_hex_send.list"
   text	   data	    bss	    dec	    hex	filename
  10236	     20	   1652	  11908	   2e84	uga_hex_send.elf
Finished building: default.size.stdout
 
Finished building: uga_hex_send.list
 

15:03:20 Build Finished. 0 errors, 0 warnings. (took 1s.282ms)

