15:28:16 **** Incremental Build of configuration Debug for project uga_gpio_b401 ****
make -j12 all 
arm-none-eabi-gcc "../Core/Src/main.c" -mcpu=cortex-m4 -std=gnu11 -g3 -DDEBUG -DUSE_HAL_DRIVER -DSTM32F407xx -c -I../Core/Inc -I../Drivers/STM32F4xx_HAL_Driver/Inc -I../Drivers/STM32F4xx_HAL_Driver/Inc/Legacy -I../Drivers/CMSIS/Device/ST/STM32F4xx/Include -I../Drivers/CMSIS/Include -O0 -ffunction-sections -fdata-sections -Wall -fstack-usage -fcyclomatic-complexity -MMD -MP -MF"Core/Src/main.d" -MT"Core/Src/main.o" --specs=nano.specs -mfpu=fpv4-sp-d16 -mfloat-abi=hard -mthumb -o "Core/Src/main.o"
arm-none-eabi-gcc -o "uga_gpio_b401.elf" @"objects.list"   -mcpu=cortex-m4 -T"C:\Users\conne\STM32CubeIDE\workspace_1.14.1\uga_gpio_b401\STM32F407VGTX_FLASH.ld" --specs=nosys.specs -Wl,-Map="uga_gpio_b401.map" -Wl,--gc-sections -static --specs=nano.specs -mfpu=fpv4-sp-d16 -mfloat-abi=hard -mthumb -Wl,--start-group -lc -lm -Wl,--end-group
Finished building target: uga_gpio_b401.elf
 
arm-none-eabi-size  uga_gpio_b401.elf 
arm-none-eabi-objdump -h -S uga_gpio_b401.elf  > "uga_gpio_b401.list"
   text	   data	    bss	    dec	    hex	filename
   5840	     20	   1572	   7432	   1d08	uga_gpio_b401.elf
Finished building: default.size.stdout
 
Finished building: uga_gpio_b401.list
 

15:28:17 Build Finished. 0 errors, 0 warnings. (took 740ms)

