18:21:11 **** Incremental Build of configuration Debug for project ugagua_timer ****
make -j12 all 
arm-none-eabi-gcc "../Core/Src/main.c" -mcpu=cortex-m4 -std=gnu11 -g3 -DDEBUG -DUSE_HAL_DRIVER -DSTM32F407xx -c -I../Core/Inc -I../Drivers/STM32F4xx_HAL_Driver/Inc -I../Drivers/STM32F4xx_HAL_Driver/Inc/Legacy -I../Drivers/CMSIS/Device/ST/STM32F4xx/Include -I../Drivers/CMSIS/Include -O0 -ffunction-sections -fdata-sections -Wall -fstack-usage -fcyclomatic-complexity -MMD -MP -MF"Core/Src/main.d" -MT"Core/Src/main.o" --specs=nano.specs -mfpu=fpv4-sp-d16 -mfloat-abi=hard -mthumb -o "Core/Src/main.o"
arm-none-eabi-gcc -o "ugagua_timer.elf" @"objects.list"   -mcpu=cortex-m4 -T"C:\Users\conne\STM32CubeIDE\workspace_1.14.1\ugagua_timer\STM32F407VGTX_FLASH.ld" --specs=nosys.specs -Wl,-Map="ugagua_timer.map" -Wl,--gc-sections -static --specs=nano.specs -mfpu=fpv4-sp-d16 -mfloat-abi=hard -mthumb -Wl,--start-group -lc -lm -Wl,--end-group
Finished building target: ugagua_timer.elf
 
arm-none-eabi-size  ugagua_timer.elf 
arm-none-eabi-objdump -h -S ugagua_timer.elf  > "ugagua_timer.list"
   text	   data	    bss	    dec	    hex	filename
   6640	     20	   1644	   8304	   2070	ugagua_timer.elf
Finished building: default.size.stdout
 
Finished building: ugagua_timer.list
 

18:21:12 Build Finished. 0 errors, 0 warnings. (took 1s.28ms)

